// Jest Snapshot v1, https://goo.gl/fbAQLP

exports[`components/RouteProvider should render 1`] = `
<BrowserRouter>
  <MessengerContainer />
</BrowserRouter>
`;
